// Vitest Snapshot v1

exports[`putPagesIntoFolders organizes pages into proper folders 1`] = `
{
  "depth": 0,
  "folders": [
    {
      "depth": 1,
      "folders": [
        {
          "depth": 2,
          "folders": [],
          "name": "maintainer notes",
          "pages": [
            {
              "ext": "md",
              "name": "unocss",
              "path": "docs/maintainer-notes/0-unocss.md",
              "url": "docs/maintainer-notes/",
            },
            {
              "ext": "md",
              "name": "deploy to vercel",
              "path": "docs/maintainer-notes/1-deploy-to-vercel.md",
              "url": "docs/maintainer-notes/",
            },
          ],
          "url": "docs/maintainer-notes",
        },
      ],
      "name": "docs",
      "pages": [
        {
          "ext": "md",
          "name": "why kitbook",
          "path": "docs/0-why-kitbook.md",
          "url": "docs/",
        },
        {
          "ext": "md",
          "name": "get started",
          "path": "docs/1-get-started.md",
          "url": "docs/",
        },
        {
          "ext": "md",
          "name": "index",
          "path": "docs/index.md",
          "url": "docs/",
        },
      ],
      "url": "docs",
    },
    {
      "depth": 1,
      "folders": [
        {
          "depth": 2,
          "folders": [],
          "name": "sidebar",
          "pages": [
            {
              "ext": "svelte",
              "name": "Folder",
              "path": "lib/sidebar/Folder.svelte",
              "url": "lib/sidebar/",
            },
            {
              "ext": "variants.ts",
              "name": "Folder",
              "path": "lib/sidebar/Folder.variants.ts",
              "url": "lib/sidebar/",
            },
            {
              "ext": "svelte",
              "name": "Sidebar",
              "path": "lib/sidebar/Sidebar.svelte",
              "url": "lib/sidebar/",
            },
            {
              "ext": "svx",
              "name": "Sidebar",
              "path": "lib/sidebar/Sidebar.svx",
              "url": "lib/sidebar/",
            },
            {
              "ext": "variants.ts",
              "name": "Sidebar",
              "path": "lib/sidebar/Sidebar.variants.ts",
              "url": "lib/sidebar/",
            },
            {
              "ext": "svelte",
              "name": "Page",
              "path": "lib/sidebar/Page.svelte",
              "url": "lib/sidebar/",
            },
          ],
          "url": "lib/sidebar",
        },
      ],
      "name": "lib",
      "pages": [
        {
          "ext": "svelte",
          "name": "Header",
          "path": "lib/Header.svelte",
          "url": "lib/",
        },
        {
          "ext": "svelte",
          "name": "Layout",
          "path": "lib/Layout.svelte",
          "url": "lib/",
        },
        {
          "ext": "svx",
          "name": "Layout",
          "path": "lib/Layout.svx",
          "url": "lib/",
        },
      ],
      "url": "lib",
    },
    {
      "depth": 1,
      "folders": [
        {
          "depth": 2,
          "folders": [],
          "name": "a",
          "pages": [
            {
              "ext": "svelte",
              "name": "+page",
              "path": "routes/a/+page.svelte",
              "url": "routes/a/",
            },
            {
              "ext": "variants.ts",
              "name": "_page",
              "path": "routes/a/_page.variants.ts",
              "url": "routes/a/",
            },
          ],
          "url": "routes/a",
        },
      ],
      "name": "routes",
      "pages": [
        {
          "ext": "svelte",
          "name": "+page",
          "path": "routes/+page.svelte",
          "url": "routes/",
        },
        {
          "ext": "variants.ts",
          "name": "_page",
          "path": "routes/_page.variants.ts",
          "url": "routes/",
        },
      ],
      "url": "routes",
    },
  ],
  "name": ".",
  "pages": [
    {
      "ext": "md",
      "name": "README",
      "path": "/README.md",
      "url": "/",
    },
  ],
  "url": "/",
}
`;
