// Vitest Snapshot v1

exports[`putPagesIntoFolders organizes pages into proper folders 1`] = `
{
  "depth": 0,
  "folders": [
    {
      "depth": 1,
      "folders": [
        {
          "depth": 2,
          "folders": [],
          "name": "my notes",
          "pages": [
            {
              "ext": "md",
              "name": "unocss",
              "path": "/src/docs/my-notes/0-unocss.md",
              "url": "/docs/my-notes/0-unocss",
            },
            {
              "ext": "md",
              "name": "deploy to vercel",
              "path": "/src/docs/my-notes/1-deploy-to-vercel.md",
              "url": "/docs/my-notes/1-deploy-to-vercel",
            },
          ],
          "url": "/docs/my-notes",
        },
      ],
      "name": "docs",
      "pages": [
        {
          "ext": "md",
          "name": "why kitbook",
          "path": "/src/docs/0-why-kitbook.md",
          "url": "/docs/0-why-kitbook",
        },
        {
          "ext": "md",
          "name": "get started",
          "path": "/src/docs/1-get-started.md",
          "url": "/docs/1-get-started",
        },
        {
          "ext": "md",
          "name": "index",
          "path": "/src/docs/index.md",
          "url": "/docs/index",
        },
      ],
      "url": "/docs",
    },
    {
      "depth": 1,
      "folders": [
        {
          "depth": 2,
          "folders": [],
          "name": "a",
          "pages": [
            {
              "ext": "svelte",
              "name": "C",
              "path": "/src/lib/a/C.svelte",
              "url": "/lib/a/C",
            },
            {
              "ext": "variants.ts",
              "name": "C",
              "path": "/src/lib/a/C.variants.ts",
              "url": "/lib/a/C",
            },
            {
              "ext": "svelte",
              "name": "D",
              "path": "/src/lib/a/D.svelte",
              "url": "/lib/a/D",
            },
            {
              "ext": "svx",
              "name": "D",
              "path": "/src/lib/a/D.svx",
              "url": "/lib/a/D",
            },
            {
              "ext": "variants.ts",
              "name": "D",
              "path": "/src/lib/a/D.variants.ts",
              "url": "/lib/a/D",
            },
          ],
          "url": "/lib/a",
        },
      ],
      "name": "lib",
      "pages": [
        {
          "ext": "svelte",
          "name": "A",
          "path": "/src/lib/A.svelte",
          "url": "/lib/A",
        },
        {
          "ext": "svelte",
          "name": "B",
          "path": "/src/lib/B.svelte",
          "url": "/lib/B",
        },
        {
          "ext": "svx",
          "name": "B",
          "path": "/src/lib/B.svx",
          "url": "/lib/B",
        },
        {
          "ext": "svx",
          "name": "E",
          "path": "/src/lib/E.svx",
          "url": "/lib/E",
        },
        {
          "ext": "foo.svelte",
          "name": "A",
          "path": "/src/lib/A.foo.svelte",
          "url": "/lib/A",
        },
      ],
      "url": "/lib",
    },
    {
      "depth": 1,
      "folders": [
        {
          "depth": 2,
          "folders": [],
          "name": "a",
          "pages": [
            {
              "ext": "svelte",
              "name": "+page",
              "path": "/src/routes/a/+page.svelte",
              "url": "/routes/a/+page",
            },
            {
              "ext": "svx",
              "name": "_page",
              "path": "/src/routes/a/_page.svx",
              "url": "/routes/a/_page",
            },
          ],
          "url": "/routes/a",
        },
        {
          "depth": 2,
          "folders": [],
          "name": "b",
          "pages": [
            {
              "ext": "svelte",
              "name": "+page",
              "path": "/src/routes/b/+page.svelte",
              "url": "/routes/b/+page",
            },
            {
              "ext": "variants.ts",
              "name": "_page",
              "path": "/src/routes/b/_page.variants.ts",
              "url": "/routes/b/_page",
            },
          ],
          "url": "/routes/b",
        },
        {
          "depth": 2,
          "folders": [],
          "name": "c",
          "pages": [
            {
              "ext": "svelte",
              "name": "+page",
              "path": "/src/routes/c/+page.svelte",
              "url": "/routes/c/+page",
            },
            {
              "ext": "svx",
              "name": "_page",
              "path": "/src/routes/c/_page.svx",
              "url": "/routes/c/_page",
            },
            {
              "ext": "variants.ts",
              "name": "_page",
              "path": "/src/routes/c/_page.variants.ts",
              "url": "/routes/c/_page",
            },
          ],
          "url": "/routes/c",
        },
      ],
      "name": "routes",
      "pages": [
        {
          "ext": "svelte",
          "name": "+page",
          "path": "/src/routes/+page.svelte",
          "url": "/routes/+page",
        },
      ],
      "url": "/routes",
    },
  ],
  "name": ".",
  "pages": [
    {
      "ext": "md",
      "name": "README",
      "path": "/README.md",
      "url": "/README",
    },
  ],
  "url": "/",
}
`;
